[      50ms] [INFO] %cDownload the React DevTools for a better development experience: https://reactjs.org/link/react-devtools font-weight:bold @ https://unpkg.com/react-dom@18.3.1/umd/react-dom.development.js:29904
[      92ms] [WARNING] You are using the in-browser Babel transformer. Be sure to precompile your scripts for production - https://babeljs.io/docs/setup/ @ https://unpkg.com/@babel/standalone@7.29.0/babel.min.js:2
[    6068ms] [LOG] %clow-contrast%c 4.46:1 (need 4.5:1) — text #7c7a80 on #101018 color: oklch(84% 0.19 80.46); font-weight: bold color: inherit JSHandle@node @ http://localhost:8400/detect.js:3497
[    6068ms] [LOG] %clow-contrast%c 4.46:1 (need 4.5:1) — text #7c7a80 on #101018 color: oklch(84% 0.19 80.46); font-weight: bold color: inherit JSHandle@node @ http://localhost:8400/detect.js:3497
[    6068ms] [LOG] %clow-contrast%c 4.46:1 (need 4.5:1) — text #7c7a80 on #101018 color: oklch(84% 0.19 80.46); font-weight: bold color: inherit JSHandle@node @ http://localhost:8400/detect.js:3497
[    6068ms] [LOG] %cundersized-ui-text%c 10.5px functional text "1,2k" (below 11px floor) color: oklch(84% 0.19 80.46); font-weight: bold color: inherit JSHandle@node @ http://localhost:8400/detect.js:3497
[    6068ms] [LOG] %cundersized-ui-text%c 10.5px functional text "Seg" (below 11px floor) color: oklch(84% 0.19 80.46); font-weight: bold color: inherit JSHandle@node @ http://localhost:8400/detect.js:3497
[    6068ms] [LOG] %cundersized-ui-text%c 10.5px functional text "1,7k" (below 11px floor) color: oklch(84% 0.19 80.46); font-weight: bold color: inherit JSHandle@node @ http://localhost:8400/detect.js:3497
[    6068ms] [LOG] %cundersized-ui-text%c 10.5px functional text "Ter" (below 11px floor) color: oklch(84% 0.19 80.46); font-weight: bold color: inherit JSHandle@node @ http://localhost:8400/detect.js:3497
[    6068ms] [LOG] %cundersized-ui-text%c 10.5px functional text "1,4k" (below 11px floor) color: oklch(84% 0.19 80.46); font-weight: bold color: inherit JSHandle@node @ http://localhost:8400/detect.js:3497
[    6069ms] [LOG] %cundersized-ui-text%c 10.5px functional text "Qua" (below 11px floor) color: oklch(84% 0.19 80.46); font-weight: bold color: inherit JSHandle@node @ http://localhost:8400/detect.js:3497
[    6069ms] [LOG] %cundersized-ui-text%c 10.5px functional text "2,1k" (below 11px floor) color: oklch(84% 0.19 80.46); font-weight: bold color: inherit JSHandle@node @ http://localhost:8400/detect.js:3497
[    6069ms] [LOG] %cundersized-ui-text%c 10.5px functional text "Qui" (below 11px floor) color: oklch(84% 0.19 80.46); font-weight: bold color: inherit JSHandle@node @ http://localhost:8400/detect.js:3497
[    6069ms] [LOG] %cundersized-ui-text%c 10.5px functional text "2,0k" (below 11px floor) color: oklch(84% 0.19 80.46); font-weight: bold color: inherit JSHandle@node @ http://localhost:8400/detect.js:3497
[    6069ms] [LOG] %cundersized-ui-text%c 10.5px functional text "Sex" (below 11px floor) color: oklch(84% 0.19 80.46); font-weight: bold color: inherit JSHandle@node @ http://localhost:8400/detect.js:3497
[    6069ms] [LOG] %cundersized-ui-text%c 10.5px functional text "2,7k" (below 11px floor) color: oklch(84% 0.19 80.46); font-weight: bold color: inherit JSHandle@node @ http://localhost:8400/detect.js:3497
[    6069ms] [LOG] %cundersized-ui-text%c 10.5px functional text "Sáb" (below 11px floor) color: oklch(84% 0.19 80.46); font-weight: bold color: inherit JSHandle@node @ http://localhost:8400/detect.js:3497
[    6069ms] [LOG] %cundersized-ui-text%c 10.5px functional text "2,3k" (below 11px floor) color: oklch(84% 0.19 80.46); font-weight: bold color: inherit JSHandle@node @ http://localhost:8400/detect.js:3497
[    6069ms] [LOG] %cundersized-ui-text%c 10.5px functional text "Dom" (below 11px floor) color: oklch(84% 0.19 80.46); font-weight: bold color: inherit JSHandle@node @ http://localhost:8400/detect.js:3497
[    6069ms] [LOG] %clow-contrast%c 4.46:1 (need 4.5:1) — text #7c7a80 on #101018 color: oklch(84% 0.19 80.46); font-weight: bold color: inherit JSHandle@node @ http://localhost:8400/detect.js:3497
[    6069ms] [LOG] %clow-contrast%c 4.46:1 (need 4.5:1) — text #7c7a80 on #101018 color: oklch(84% 0.19 80.46); font-weight: bold color: inherit JSHandle@node @ http://localhost:8400/detect.js:3497
[    6069ms] [LOG] %clow-contrast%c 4.46:1 (need 4.5:1) — text #7c7a80 on #101018 color: oklch(84% 0.19 80.46); font-weight: bold color: inherit JSHandle@node @ http://localhost:8400/detect.js:3497
[    6069ms] [LOG] %clow-contrast%c 4.46:1 (need 4.5:1) — text #7c7a80 on #101018 color: oklch(84% 0.19 80.46); font-weight: bold color: inherit JSHandle@node @ http://localhost:8400/detect.js:3497
[    6069ms] [LOG] %clow-contrast%c 4.46:1 (need 4.5:1) — text #7c7a80 on #101018 color: oklch(84% 0.19 80.46); font-weight: bold color: inherit JSHandle@node @ http://localhost:8400/detect.js:3497
[    6069ms] [LOG] %clow-contrast%c 4.46:1 (need 4.5:1) — text #7c7a80 on #101018 color: oklch(84% 0.19 80.46); font-weight: bold color: inherit JSHandle@node @ http://localhost:8400/detect.js:3497
[    6069ms] [LOG] %clow-contrast%c 4.46:1 (need 4.5:1) — text #7c7a80 on #101018 color: oklch(84% 0.19 80.46); font-weight: bold color: inherit JSHandle@node @ http://localhost:8400/detect.js:3497
[    6069ms] [LOG] %cai-color-palette%c Cyan neon text on dark background color: oklch(84% 0.19 80.46); font-weight: bold color: inherit JSHandle@node @ http://localhost:8400/detect.js:3497
[    6069ms] [LOG] %cai-color-palette%c Cyan neon text on dark background color: oklch(84% 0.19 80.46); font-weight: bold color: inherit JSHandle@node @ http://localhost:8400/detect.js:3497
[    6069ms] [LOG] %clow-contrast%c 4.46:1 (need 4.5:1) — text #7c7a80 on #101018 color: oklch(84% 0.19 80.46); font-weight: bold color: inherit JSHandle@node @ http://localhost:8400/detect.js:3497
[    6069ms] [LOG] %clow-contrast%c 4.46:1 (need 4.5:1) — text #7c7a80 on #101018 color: oklch(84% 0.19 80.46); font-weight: bold color: inherit JSHandle@node @ http://localhost:8400/detect.js:3497
[    6070ms] [LOG] %clow-contrast%c 4.46:1 (need 4.5:1) — text #7c7a80 on #101018 color: oklch(84% 0.19 80.46); font-weight: bold color: inherit JSHandle@node @ http://localhost:8400/detect.js:3497
[    6070ms] [LOG] %clayout-transition%c transition: width color: oklch(84% 0.19 80.46); font-weight: bold color: inherit JSHandle@node @ http://localhost:8400/detect.js:3497
[   50740ms] [LOG] %clow-contrast%c 4.46:1 (need 4.5:1) — text #7c7a80 on #101018 color: oklch(84% 0.19 80.46); font-weight: bold color: inherit JSHandle@node @ http://localhost:8400/detect.js:3497
[   50740ms] [LOG] %clow-contrast%c 4.46:1 (need 4.5:1) — text #7c7a80 on #101018 color: oklch(84% 0.19 80.46); font-weight: bold color: inherit JSHandle@node @ http://localhost:8400/detect.js:3497
[   50740ms] [LOG] %clayout-transition%c transition: width color: oklch(84% 0.19 80.46); font-weight: bold color: inherit JSHandle@node @ http://localhost:8400/detect.js:3497
[   53314ms] [LOG] %clow-contrast%c 1.9:1 (need 4.5:1) — text #ffffff on #2dd4bf color: oklch(84% 0.19 80.46); font-weight: bold color: inherit JSHandle@node @ http://localhost:8400/detect.js:3497
[   53314ms] [LOG] %clow-contrast%c 1.9:1 (need 4.5:1) — text #ffffff on #2dd4bf color: oklch(84% 0.19 80.46); font-weight: bold color: inherit JSHandle@node @ http://localhost:8400/detect.js:3497
[   53315ms] [LOG] %clow-contrast%c 1.9:1 (need 4.5:1) — text #ffffff on #2dd4bf color: oklch(84% 0.19 80.46); font-weight: bold color: inherit JSHandle@node @ http://localhost:8400/detect.js:3497
[   53315ms] [LOG] %clow-contrast%c 1.9:1 (need 4.5:1) — text #ffffff on #2dd4bf color: oklch(84% 0.19 80.46); font-weight: bold color: inherit JSHandle@node @ http://localhost:8400/detect.js:3497
[   53315ms] [LOG] %clayout-transition%c transition: width color: oklch(84% 0.19 80.46); font-weight: bold color: inherit JSHandle@node @ http://localhost:8400/detect.js:3497
[   55952ms] [LOG] %ctiny-text%c 11px body text color: oklch(84% 0.19 80.46); font-weight: bold color: inherit JSHandle@node @ http://localhost:8400/detect.js:3497
[   55952ms] [LOG] %clow-contrast%c 4.46:1 (need 4.5:1) — text #7c7a80 on #101018 color: oklch(84% 0.19 80.46); font-weight: bold color: inherit JSHandle@node @ http://localhost:8400/detect.js:3497
[   55952ms] [LOG] %cundersized-ui-text%c 10.5px functional text "dom" (below 11px floor) color: oklch(84% 0.19 80.46); font-weight: bold color: inherit JSHandle@node @ http://localhost:8400/detect.js:3497
[   55952ms] [LOG] %clow-contrast%c 4.46:1 (need 4.5:1) — text #7c7a80 on #101018 color: oklch(84% 0.19 80.46); font-weight: bold color: inherit JSHandle@node @ http://localhost:8400/detect.js:3497
[   55952ms] [LOG] %cundersized-ui-text%c 10.5px functional text "seg" (below 11px floor) color: oklch(84% 0.19 80.46); font-weight: bold color: inherit JSHandle@node @ http://localhost:8400/detect.js:3497
[   55952ms] [LOG] %clow-contrast%c 4.46:1 (need 4.5:1) — text #7c7a80 on #101018 color: oklch(84% 0.19 80.46); font-weight: bold color: inherit JSHandle@node @ http://localhost:8400/detect.js:3497
[   55952ms] [LOG] %cundersized-ui-text%c 10.5px functional text "ter" (below 11px floor) color: oklch(84% 0.19 80.46); font-weight: bold color: inherit JSHandle@node @ http://localhost:8400/detect.js:3497
[   55952ms] [LOG] %clow-contrast%c 4.46:1 (need 4.5:1) — text #7c7a80 on #101018 color: oklch(84% 0.19 80.46); font-weight: bold color: inherit JSHandle@node @ http://localhost:8400/detect.js:3497
[   55952ms] [LOG] %cundersized-ui-text%c 10.5px functional text "qua" (below 11px floor) color: oklch(84% 0.19 80.46); font-weight: bold color: inherit JSHandle@node @ http://localhost:8400/detect.js:3497
[   55952ms] [LOG] %clow-contrast%c 4.46:1 (need 4.5:1) — text #7c7a80 on #101018 color: oklch(84% 0.19 80.46); font-weight: bold color: inherit JSHandle@node @ http://localhost:8400/detect.js:3497
[   55952ms] [LOG] %cundersized-ui-text%c 10.5px functional text "qui" (below 11px floor) color: oklch(84% 0.19 80.46); font-weight: bold color: inherit JSHandle@node @ http://localhost:8400/detect.js:3497
[   55953ms] [LOG] %clow-contrast%c 4.46:1 (need 4.5:1) — text #7c7a80 on #101018 color: oklch(84% 0.19 80.46); font-weight: bold color: inherit JSHandle@node @ http://localhost:8400/detect.js:3497
[   55953ms] [LOG] %cundersized-ui-text%c 10.5px functional text "sex" (below 11px floor) color: oklch(84% 0.19 80.46); font-weight: bold color: inherit JSHandle@node @ http://localhost:8400/detect.js:3497
[   55953ms] [LOG] %clow-contrast%c 4.46:1 (need 4.5:1) — text #7c7a80 on #101018 color: oklch(84% 0.19 80.46); font-weight: bold color: inherit JSHandle@node @ http://localhost:8400/detect.js:3497
[   55953ms] [LOG] %cundersized-ui-text%c 10.5px functional text "sáb" (below 11px floor) color: oklch(84% 0.19 80.46); font-weight: bold color: inherit JSHandle@node @ http://localhost:8400/detect.js:3497
[   55953ms] [LOG] %cundersized-ui-text%c 9.5px functional text "Cemig" (below 11px floor) color: oklch(84% 0.19 80.46); font-weight: bold color: inherit JSHandle@node @ http://localhost:8400/detect.js:3497
[   55953ms] [LOG] %cundersized-ui-text%c 9.5px functional text "Embalagens" (below 11px floor) color: oklch(84% 0.19 80.46); font-weight: bold color: inherit JSHandle@node @ http://localhost:8400/detect.js:3497
[   55953ms] [LOG] %cai-color-palette%c Cyan neon text on dark background color: oklch(84% 0.19 80.46); font-weight: bold color: inherit JSHandle@node @ http://localhost:8400/detect.js:3497
[   55953ms] [LOG] %cundersized-ui-text%c 9.5px functional text "Nubank" (below 11px floor) color: oklch(84% 0.19 80.46); font-weight: bold color: inherit JSHandle@node @ http://localhost:8400/detect.js:3497
[   55953ms] [LOG] %cundersized-ui-text%c 9.5px functional text "18:00 Ana" (below 11px floor) color: oklch(84% 0.19 80.46); font-weight: bold color: inherit JSHandle@node @ http://localhost:8400/detect.js:3497
[   55953ms] [LOG] %cundersized-ui-text%c 9.5px functional text "Distribuidora" (below 11px floor) color: oklch(84% 0.19 80.46); font-weight: bold color: inherit JSHandle@node @ http://localhost:8400/detect.js:3497
[   55953ms] [LOG] %cundersized-ui-text%c 9.5px functional text "15:00 Maria" (below 11px floor) color: oklch(84% 0.19 80.46); font-weight: bold color: inherit JSHandle@node @ http://localhost:8400/detect.js:3497
[   55954ms] [LOG] %cundersized-ui-text%c 9.5px functional text "+1" (below 11px floor) color: oklch(84% 0.19 80.46); font-weight: bold color: inherit JSHandle@node @ http://localhost:8400/detect.js:3497
[   55954ms] [LOG] %cundersized-ui-text%c 9.5px functional text "11:00 Willian" (below 11px floor) color: oklch(84% 0.19 80.46); font-weight: bold color: inherit JSHandle@node @ http://localhost:8400/detect.js:3497
[   55954ms] [LOG] %cundersized-ui-text%c 9.5px functional text "07:00 Padaria" (below 11px floor) color: oklch(84% 0.19 80.46); font-weight: bold color: inherit JSHandle@node @ http://localhost:8400/detect.js:3497
[   55954ms] [LOG] %cundersized-ui-text%c 9.5px functional text "16:00 Tiago" (below 11px floor) color: oklch(84% 0.19 80.46); font-weight: bold color: inherit JSHandle@node @ http://localhost:8400/detect.js:3497
[   55954ms] [LOG] %cundersized-ui-text%c 9.5px functional text "Copasa" (below 11px floor) color: oklch(84% 0.19 80.46); font-weight: bold color: inherit JSHandle@node @ http://localhost:8400/detect.js:3497
[   55954ms] [LOG] %cai-color-palette%c Cyan neon text on dark background color: oklch(84% 0.19 80.46); font-weight: bold color: inherit JSHandle@node @ http://localhost:8400/detect.js:3497
[   55954ms] [LOG] %cundersized-ui-text%c 9.5px functional text "Itaú" (below 11px floor) color: oklch(84% 0.19 80.46); font-weight: bold color: inherit JSHandle@node @ http://localhost:8400/detect.js:3497
[   55954ms] [LOG] %cundersized-ui-text%c 9.5px functional text "20:00 Colégio" (below 11px floor) color: oklch(84% 0.19 80.46); font-weight: bold color: inherit JSHandle@node @ http://localhost:8400/detect.js:3497
[   55954ms] [LOG] %cundersized-ui-text%c 9.5px functional text "Aluguel" (below 11px floor) color: oklch(84% 0.19 80.46); font-weight: bold color: inherit JSHandle@node @ http://localhost:8400/detect.js:3497
[   55955ms] [LOG] %cundersized-ui-text%c 9.5px functional text "14:00 Rafaela" (below 11px floor) color: oklch(84% 0.19 80.46); font-weight: bold color: inherit JSHandle@node @ http://localhost:8400/detect.js:3497
[   55955ms] [LOG] %cundersized-ui-text%c 9.5px functional text "09:30 João" (below 11px floor) color: oklch(84% 0.19 80.46); font-weight: bold color: inherit JSHandle@node @ http://localhost:8400/detect.js:3497
[   55955ms] [LOG] %cundersized-ui-text%c 9.5px functional text "Simples" (below 11px floor) color: oklch(84% 0.19 80.46); font-weight: bold color: inherit JSHandle@node @ http://localhost:8400/detect.js:3497
[   55955ms] [LOG] %cundersized-ui-text%c 9.5px functional text "12:00 Empresa" (below 11px floor) color: oklch(84% 0.19 80.46); font-weight: bold color: inherit JSHandle@node @ http://localhost:8400/detect.js:3497
[   55955ms] [LOG] %clow-contrast%c 4.46:1 (need 4.5:1) — text #7c7a80 on #101018 color: oklch(84% 0.19 80.46); font-weight: bold color: inherit JSHandle@node @ http://localhost:8400/detect.js:3497
[   55955ms] [LOG] %cside-tab%c border-left: 3px + border-radius: 8px color: oklch(84% 0.19 80.46); font-weight: bold color: inherit JSHandle@node @ http://localhost:8400/detect.js:3497
[   55955ms] [LOG] %clow-contrast%c 4.46:1 (need 4.5:1) — text #7c7a80 on #101018 color: oklch(84% 0.19 80.46); font-weight: bold color: inherit JSHandle@node @ http://localhost:8400/detect.js:3497
[   55955ms] [LOG] %cside-tab%c border-left: 3px + border-radius: 8px color: oklch(84% 0.19 80.46); font-weight: bold color: inherit JSHandle@node @ http://localhost:8400/detect.js:3497
[   55955ms] [LOG] %clow-contrast%c 4.46:1 (need 4.5:1) — text #7c7a80 on #101018 color: oklch(84% 0.19 80.46); font-weight: bold color: inherit JSHandle@node @ http://localhost:8400/detect.js:3497
[   55955ms] [LOG] %cside-tab%c border-left: 3px + border-radius: 8px color: oklch(84% 0.19 80.46); font-weight: bold color: inherit JSHandle@node @ http://localhost:8400/detect.js:3497
[   55956ms] [LOG] %clow-contrast%c 4.46:1 (need 4.5:1) — text #7c7a80 on #101018 color: oklch(84% 0.19 80.46); font-weight: bold color: inherit JSHandle@node @ http://localhost:8400/detect.js:3497
[   55956ms] [LOG] %clow-contrast%c 4.46:1 (need 4.5:1) — text #7c7a80 on #101018 color: oklch(84% 0.19 80.46); font-weight: bold color: inherit JSHandle@node @ http://localhost:8400/detect.js:3497
[   55956ms] [LOG] %clow-contrast%c 4.46:1 (need 4.5:1) — text #7c7a80 on #101018 color: oklch(84% 0.19 80.46); font-weight: bold color: inherit JSHandle@node @ http://localhost:8400/detect.js:3497
[   55956ms] [LOG] %clow-contrast%c 4.46:1 (need 4.5:1) — text #7c7a80 on #101018 color: oklch(84% 0.19 80.46); font-weight: bold color: inherit JSHandle@node @ http://localhost:8400/detect.js:3497
[   55956ms] [LOG] %clow-contrast%c 4.46:1 (need 4.5:1) — text #7c7a80 on #101018 color: oklch(84% 0.19 80.46); font-weight: bold color: inherit JSHandle@node @ http://localhost:8400/detect.js:3497
[   55956ms] [LOG] %clayout-transition%c transition: width color: oklch(84% 0.19 80.46); font-weight: bold color: inherit JSHandle@node @ http://localhost:8400/detect.js:3497
[ 1398019ms] [INFO] %cDownload the React DevTools for a better development experience: https://reactjs.org/link/react-devtools font-weight:bold @ https://unpkg.com/react-dom@18.3.1/umd/react-dom.development.js:29904
[ 1398069ms] [WARNING] You are using the in-browser Babel transformer. Be sure to precompile your scripts for production - https://babeljs.io/docs/setup/ @ https://unpkg.com/@babel/standalone@7.29.0/babel.min.js:2
[ 2192501ms] [INFO] %cDownload the React DevTools for a better development experience: https://reactjs.org/link/react-devtools font-weight:bold @ https://unpkg.com/react-dom@18.3.1/umd/react-dom.development.js:29904
[ 2192549ms] [WARNING] You are using the in-browser Babel transformer. Be sure to precompile your scripts for production - https://babeljs.io/docs/setup/ @ https://unpkg.com/@babel/standalone@7.29.0/babel.min.js:2
[ 2227853ms] [INFO] %cDownload the React DevTools for a better development experience: https://reactjs.org/link/react-devtools font-weight:bold @ https://unpkg.com/react-dom@18.3.1/umd/react-dom.development.js:29904
[ 2227881ms] [WARNING] You are using the in-browser Babel transformer. Be sure to precompile your scripts for production - https://babeljs.io/docs/setup/ @ https://unpkg.com/@babel/standalone@7.29.0/babel.min.js:2
[ 2262871ms] [INFO] %cDownload the React DevTools for a better development experience: https://reactjs.org/link/react-devtools font-weight:bold @ https://unpkg.com/react-dom@18.3.1/umd/react-dom.development.js:29904
[ 2262905ms] [WARNING] You are using the in-browser Babel transformer. Be sure to precompile your scripts for production - https://babeljs.io/docs/setup/ @ https://unpkg.com/@babel/standalone@7.29.0/babel.min.js:2
[ 2276465ms] [INFO] %cDownload the React DevTools for a better development experience: https://reactjs.org/link/react-devtools font-weight:bold @ https://unpkg.com/react-dom@18.3.1/umd/react-dom.development.js:29904
[ 2276493ms] [WARNING] You are using the in-browser Babel transformer. Be sure to precompile your scripts for production - https://babeljs.io/docs/setup/ @ https://unpkg.com/@babel/standalone@7.29.0/babel.min.js:2
[ 2279948ms] [INFO] %cDownload the React DevTools for a better development experience: https://reactjs.org/link/react-devtools font-weight:bold @ https://unpkg.com/react-dom@18.3.1/umd/react-dom.development.js:29904
[ 2279972ms] [WARNING] You are using the in-browser Babel transformer. Be sure to precompile your scripts for production - https://babeljs.io/docs/setup/ @ https://unpkg.com/@babel/standalone@7.29.0/babel.min.js:2
[ 2280535ms] [ERROR] Warning: %s a style property during rerender (%s) when a conflicting property is set (%s) can lead to styling bugs. To avoid this, don't mix shorthand and non-shorthand properties for the same value; instead, replace the shorthand with separate values.%s Updating padding paddingBottom 
    at div
    at div
    at div
    at Shell (<anonymous>:315:20)
    at div
    at App (<anonymous>:30:32) @ https://unpkg.com/react-dom@18.3.1/umd/react-dom.development.js:72
[ 2282611ms] [ERROR] Warning: %s a style property during rerender (%s) when a conflicting property is set (%s) can lead to styling bugs. To avoid this, don't mix shorthand and non-shorthand properties for the same value; instead, replace the shorthand with separate values.%s Updating padding paddingBottom 
    at div
    at div
    at div
    at Shell (<anonymous>:315:20)
    at div
    at App (<anonymous>:30:32) @ https://unpkg.com/react-dom@18.3.1/umd/react-dom.development.js:72
[ 2282629ms] [INFO] %cDownload the React DevTools for a better development experience: https://reactjs.org/link/react-devtools font-weight:bold @ https://unpkg.com/react-dom@18.3.1/umd/react-dom.development.js:29904
[ 2282653ms] [WARNING] You are using the in-browser Babel transformer. Be sure to precompile your scripts for production - https://babeljs.io/docs/setup/ @ https://unpkg.com/@babel/standalone@7.29.0/babel.min.js:2
[ 2283090ms] [ERROR] Warning: %s a style property during rerender (%s) when a conflicting property is set (%s) can lead to styling bugs. To avoid this, don't mix shorthand and non-shorthand properties for the same value; instead, replace the shorthand with separate values.%s Updating padding paddingBottom 
    at div
    at div
    at div
    at Shell (<anonymous>:315:20)
    at div
    at App (<anonymous>:30:32) @ https://unpkg.com/react-dom@18.3.1/umd/react-dom.development.js:72
[ 2369106ms] [ERROR] Warning: %s a style property during rerender (%s) when a conflicting property is set (%s) can lead to styling bugs. To avoid this, don't mix shorthand and non-shorthand properties for the same value; instead, replace the shorthand with separate values.%s Updating padding paddingBottom 
    at div
    at div
    at div
    at Shell (<anonymous>:315:20)
    at div
    at App (<anonymous>:30:32) @ https://unpkg.com/react-dom@18.3.1/umd/react-dom.development.js:72
[ 2369133ms] [INFO] %cDownload the React DevTools for a better development experience: https://reactjs.org/link/react-devtools font-weight:bold @ https://unpkg.com/react-dom@18.3.1/umd/react-dom.development.js:29904
[ 2369171ms] [WARNING] You are using the in-browser Babel transformer. Be sure to precompile your scripts for production - https://babeljs.io/docs/setup/ @ https://unpkg.com/@babel/standalone@7.29.0/babel.min.js:2
[ 2373652ms] [INFO] %cDownload the React DevTools for a better development experience: https://reactjs.org/link/react-devtools font-weight:bold @ https://unpkg.com/react-dom@18.3.1/umd/react-dom.development.js:29904
[ 2373675ms] [WARNING] You are using the in-browser Babel transformer. Be sure to precompile your scripts for production - https://babeljs.io/docs/setup/ @ https://unpkg.com/@babel/standalone@7.29.0/babel.min.js:2
[ 2378088ms] [INFO] %cDownload the React DevTools for a better development experience: https://reactjs.org/link/react-devtools font-weight:bold @ https://unpkg.com/react-dom@18.3.1/umd/react-dom.development.js:29904
[ 2378109ms] [WARNING] You are using the in-browser Babel transformer. Be sure to precompile your scripts for production - https://babeljs.io/docs/setup/ @ https://unpkg.com/@babel/standalone@7.29.0/babel.min.js:2
[ 2410669ms] [INFO] %cDownload the React DevTools for a better development experience: https://reactjs.org/link/react-devtools font-weight:bold @ https://unpkg.com/react-dom@18.3.1/umd/react-dom.development.js:29904
[ 2410707ms] [WARNING] You are using the in-browser Babel transformer. Be sure to precompile your scripts for production - https://babeljs.io/docs/setup/ @ https://unpkg.com/@babel/standalone@7.29.0/babel.min.js:2
[ 3226136ms] [INFO] %cDownload the React DevTools for a better development experience: https://reactjs.org/link/react-devtools font-weight:bold @ https://unpkg.com/react-dom@18.3.1/umd/react-dom.development.js:29904
[ 3226171ms] [WARNING] You are using the in-browser Babel transformer. Be sure to precompile your scripts for production - https://babeljs.io/docs/setup/ @ https://unpkg.com/@babel/standalone@7.29.0/babel.min.js:2
[ 3231784ms] [INFO] %cDownload the React DevTools for a better development experience: https://reactjs.org/link/react-devtools font-weight:bold @ https://unpkg.com/react-dom@18.3.1/umd/react-dom.development.js:29904
[ 3231807ms] [WARNING] You are using the in-browser Babel transformer. Be sure to precompile your scripts for production - https://babeljs.io/docs/setup/ @ https://unpkg.com/@babel/standalone@7.29.0/babel.min.js:2
[ 4132758ms] [INFO] %cDownload the React DevTools for a better development experience: https://reactjs.org/link/react-devtools font-weight:bold @ https://unpkg.com/react-dom@18.3.1/umd/react-dom.development.js:29904
[ 4132818ms] [WARNING] You are using the in-browser Babel transformer. Be sure to precompile your scripts for production - https://babeljs.io/docs/setup/ @ https://unpkg.com/@babel/standalone@7.29.0/babel.min.js:2
[ 4134652ms] [INFO] %cDownload the React DevTools for a better development experience: https://reactjs.org/link/react-devtools font-weight:bold @ https://unpkg.com/react-dom@18.3.1/umd/react-dom.development.js:29904
[ 4134679ms] [WARNING] You are using the in-browser Babel transformer. Be sure to precompile your scripts for production - https://babeljs.io/docs/setup/ @ https://unpkg.com/@babel/standalone@7.29.0/babel.min.js:2
[ 4144857ms] [INFO] %cDownload the React DevTools for a better development experience: https://reactjs.org/link/react-devtools font-weight:bold @ https://unpkg.com/react-dom@18.3.1/umd/react-dom.development.js:29904
[ 4144889ms] [WARNING] You are using the in-browser Babel transformer. Be sure to precompile your scripts for production - https://babeljs.io/docs/setup/ @ https://unpkg.com/@babel/standalone@7.29.0/babel.min.js:2
[ 4955101ms] [INFO] %cDownload the React DevTools for a better development experience: https://reactjs.org/link/react-devtools font-weight:bold @ https://unpkg.com/react-dom@18.3.1/umd/react-dom.development.js:29904
[ 4955140ms] [WARNING] You are using the in-browser Babel transformer. Be sure to precompile your scripts for production - https://babeljs.io/docs/setup/ @ https://unpkg.com/@babel/standalone@7.29.0/babel.min.js:2
[ 4956441ms] RangeError: Maximum call stack size exceeded
    at tipoDe (<anonymous>:77:30)
    at tipoDe (<anonymous>:78:10)
    at tipoDe (<anonymous>:78:10)
    at tipoDe (<anonymous>:78:10)
    at tipoDe (<anonymous>:78:10)
    at tipoDe (<anonymous>:78:10)
    at tipoDe (<anonymous>:78:10)
    at tipoDe (<anonymous>:78:10)
    at tipoDe (<anonymous>:78:10)
    at tipoDe (<anonymous>:78:10)
    at tipoDe (<anonymous>:78:10)
    at tipoDe (<anonymous>:78:10)
    at tipoDe (<anonymous>:78:10)
    at tipoDe (<anonymous>:78:10)
    at tipoDe (<anonymous>:78:10)
    at tipoDe (<anonymous>:78:10)
    at tipoDe (<anonymous>:78:10)
    at tipoDe (<anonymous>:78:10)
    at tipoDe (<anonymous>:78:10)
    at tipoDe (<anonymous>:78:10)
    at tipoDe (<anonymous>:78:10)
    at tipoDe (<anonymous>:78:10)
    at tipoDe (<anonymous>:78:10)
    at tipoDe (<anonymous>:78:10)
    at tipoDe (<anonymous>:78:10)
    at tipoDe (<anonymous>:78:10)
    at tipoDe (<anonymous>:78:10)
    at tipoDe (<anonymous>:78:10)
    at tipoDe (<anonymous>:78:10)
    at tipoDe (<anonymous>:78:10)
    at tipoDe (<anonymous>:78:10)
    at tipoDe (<anonymous>:78:10)
    at tipoDe (<anonymous>:78:10)
    at tipoDe (<anonymous>:78:10)
    at tipoDe (<anonymous>:78:10)
    at tipoDe (<anonymous>:78:10)
    at tipoDe (<anonymous>:78:10)
    at tipoDe (<anonymous>:78:10)
    at tipoDe (<anonymous>:78:10)
    at tipoDe (<anonymous>:78:10)
    at tipoDe (<anonymous>:78:10)
    at tipoDe (<anonymous>:78:10)
    at tipoDe (<anonymous>:78:10)
    at tipoDe (<anonymous>:78:10)
    at tipoDe (<anonymous>:78:10)
    at tipoDe (<anonymous>:78:10)
    at tipoDe (<anonymous>:78:10)
    at tipoDe (<anonymous>:78:10)
    at tipoDe (<anonymous>:78:10)
    at tipoDe (<anonymous>:78:10)
[ 4956444ms] RangeError: Maximum call stack size exceeded
    at tipoDe (<anonymous>:77:30)
    at tipoDe (<anonymous>:78:10)
    at tipoDe (<anonymous>:78:10)
    at tipoDe (<anonymous>:78:10)
    at tipoDe (<anonymous>:78:10)
    at tipoDe (<anonymous>:78:10)
    at tipoDe (<anonymous>:78:10)
    at tipoDe (<anonymous>:78:10)
    at tipoDe (<anonymous>:78:10)
    at tipoDe (<anonymous>:78:10)
    at tipoDe (<anonymous>:78:10)
    at tipoDe (<anonymous>:78:10)
    at tipoDe (<anonymous>:78:10)
    at tipoDe (<anonymous>:78:10)
    at tipoDe (<anonymous>:78:10)
    at tipoDe (<anonymous>:78:10)
    at tipoDe (<anonymous>:78:10)
    at tipoDe (<anonymous>:78:10)
    at tipoDe (<anonymous>:78:10)
    at tipoDe (<anonymous>:78:10)
    at tipoDe (<anonymous>:78:10)
    at tipoDe (<anonymous>:78:10)
    at tipoDe (<anonymous>:78:10)
    at tipoDe (<anonymous>:78:10)
    at tipoDe (<anonymous>:78:10)
    at tipoDe (<anonymous>:78:10)
    at tipoDe (<anonymous>:78:10)
    at tipoDe (<anonymous>:78:10)
    at tipoDe (<anonymous>:78:10)
    at tipoDe (<anonymous>:78:10)
    at tipoDe (<anonymous>:78:10)
    at tipoDe (<anonymous>:78:10)
    at tipoDe (<anonymous>:78:10)
    at tipoDe (<anonymous>:78:10)
    at tipoDe (<anonymous>:78:10)
    at tipoDe (<anonymous>:78:10)
    at tipoDe (<anonymous>:78:10)
    at tipoDe (<anonymous>:78:10)
    at tipoDe (<anonymous>:78:10)
    at tipoDe (<anonymous>:78:10)
    at tipoDe (<anonymous>:78:10)
    at tipoDe (<anonymous>:78:10)
    at tipoDe (<anonymous>:78:10)
    at tipoDe (<anonymous>:78:10)
    at tipoDe (<anonymous>:78:10)
    at tipoDe (<anonymous>:78:10)
    at tipoDe (<anonymous>:78:10)
    at tipoDe (<anonymous>:78:10)
    at tipoDe (<anonymous>:78:10)
    at tipoDe (<anonymous>:78:10)
[ 4956445ms] [ERROR] The above error occurred in the <Agenda> component:

    at Agenda (<anonymous>:368:23)
    at main
    at div
    at div
    at Shell (<anonymous>:329:20)
    at div
    at App (<anonymous>:30:32)

Consider adding an error boundary to your tree to customize error handling behavior.
Visit https://reactjs.org/link/error-boundaries to learn more about error boundaries. @ https://unpkg.com/react-dom@18.3.1/umd/react-dom.development.js:18713
[ 4956446ms] RangeError: Maximum call stack size exceeded
    at tipoDe (<anonymous>:77:30)
    at tipoDe (<anonymous>:78:10)
    at tipoDe (<anonymous>:78:10)
    at tipoDe (<anonymous>:78:10)
    at tipoDe (<anonymous>:78:10)
    at tipoDe (<anonymous>:78:10)
    at tipoDe (<anonymous>:78:10)
    at tipoDe (<anonymous>:78:10)
    at tipoDe (<anonymous>:78:10)
    at tipoDe (<anonymous>:78:10)
    at tipoDe (<anonymous>:78:10)
    at tipoDe (<anonymous>:78:10)
    at tipoDe (<anonymous>:78:10)
    at tipoDe (<anonymous>:78:10)
    at tipoDe (<anonymous>:78:10)
    at tipoDe (<anonymous>:78:10)
    at tipoDe (<anonymous>:78:10)
    at tipoDe (<anonymous>:78:10)
    at tipoDe (<anonymous>:78:10)
    at tipoDe (<anonymous>:78:10)
    at tipoDe (<anonymous>:78:10)
    at tipoDe (<anonymous>:78:10)
    at tipoDe (<anonymous>:78:10)
    at tipoDe (<anonymous>:78:10)
    at tipoDe (<anonymous>:78:10)
    at tipoDe (<anonymous>:78:10)
    at tipoDe (<anonymous>:78:10)
    at tipoDe (<anonymous>:78:10)
    at tipoDe (<anonymous>:78:10)
    at tipoDe (<anonymous>:78:10)
    at tipoDe (<anonymous>:78:10)
    at tipoDe (<anonymous>:78:10)
    at tipoDe (<anonymous>:78:10)
    at tipoDe (<anonymous>:78:10)
    at tipoDe (<anonymous>:78:10)
    at tipoDe (<anonymous>:78:10)
    at tipoDe (<anonymous>:78:10)
    at tipoDe (<anonymous>:78:10)
    at tipoDe (<anonymous>:78:10)
    at tipoDe (<anonymous>:78:10)
    at tipoDe (<anonymous>:78:10)
    at tipoDe (<anonymous>:78:10)
    at tipoDe (<anonymous>:78:10)
    at tipoDe (<anonymous>:78:10)
    at tipoDe (<anonymous>:78:10)
    at tipoDe (<anonymous>:78:10)
    at tipoDe (<anonymous>:78:10)
    at tipoDe (<anonymous>:78:10)
    at tipoDe (<anonymous>:78:10)
    at tipoDe (<anonymous>:78:10)
[ 4962063ms] [INFO] %cDownload the React DevTools for a better development experience: https://reactjs.org/link/react-devtools font-weight:bold @ https://unpkg.com/react-dom@18.3.1/umd/react-dom.development.js:29904
[ 4962091ms] [WARNING] You are using the in-browser Babel transformer. Be sure to precompile your scripts for production - https://babeljs.io/docs/setup/ @ https://unpkg.com/@babel/standalone@7.29.0/babel.min.js:2
[ 4971271ms] [INFO] %cDownload the React DevTools for a better development experience: https://reactjs.org/link/react-devtools font-weight:bold @ https://unpkg.com/react-dom@18.3.1/umd/react-dom.development.js:29904
[ 4971298ms] [WARNING] You are using the in-browser Babel transformer. Be sure to precompile your scripts for production - https://babeljs.io/docs/setup/ @ https://unpkg.com/@babel/standalone@7.29.0/babel.min.js:2
[ 4972544ms] [INFO] %cDownload the React DevTools for a better development experience: https://reactjs.org/link/react-devtools font-weight:bold @ https://unpkg.com/react-dom@18.3.1/umd/react-dom.development.js:29904
[ 4972571ms] [WARNING] You are using the in-browser Babel transformer. Be sure to precompile your scripts for production - https://babeljs.io/docs/setup/ @ https://unpkg.com/@babel/standalone@7.29.0/babel.min.js:2
[ 4973901ms] [INFO] %cDownload the React DevTools for a better development experience: https://reactjs.org/link/react-devtools font-weight:bold @ https://unpkg.com/react-dom@18.3.1/umd/react-dom.development.js:29904
[ 4973958ms] [WARNING] You are using the in-browser Babel transformer. Be sure to precompile your scripts for production - https://babeljs.io/docs/setup/ @ https://unpkg.com/@babel/standalone@7.29.0/babel.min.js:2
[ 4974934ms] RangeError: Maximum call stack size exceeded
    at tipoDe (<anonymous>:77:30)
    at tipoDe (<anonymous>:78:10)
    at tipoDe (<anonymous>:78:10)
    at tipoDe (<anonymous>:78:10)
    at tipoDe (<anonymous>:78:10)
    at tipoDe (<anonymous>:78:10)
    at tipoDe (<anonymous>:78:10)
    at tipoDe (<anonymous>:78:10)
    at tipoDe (<anonymous>:78:10)
    at tipoDe (<anonymous>:78:10)
    at tipoDe (<anonymous>:78:10)
    at tipoDe (<anonymous>:78:10)
    at tipoDe (<anonymous>:78:10)
    at tipoDe (<anonymous>:78:10)
    at tipoDe (<anonymous>:78:10)
    at tipoDe (<anonymous>:78:10)
    at tipoDe (<anonymous>:78:10)
    at tipoDe (<anonymous>:78:10)
    at tipoDe (<anonymous>:78:10)
    at tipoDe (<anonymous>:78:10)
    at tipoDe (<anonymous>:78:10)
    at tipoDe (<anonymous>:78:10)
    at tipoDe (<anonymous>:78:10)
    at tipoDe (<anonymous>:78:10)
    at tipoDe (<anonymous>:78:10)
    at tipoDe (<anonymous>:78:10)
    at tipoDe (<anonymous>:78:10)
    at tipoDe (<anonymous>:78:10)
    at tipoDe (<anonymous>:78:10)
    at tipoDe (<anonymous>:78:10)
    at tipoDe (<anonymous>:78:10)
    at tipoDe (<anonymous>:78:10)
    at tipoDe (<anonymous>:78:10)
    at tipoDe (<anonymous>:78:10)
    at tipoDe (<anonymous>:78:10)
    at tipoDe (<anonymous>:78:10)
    at tipoDe (<anonymous>:78:10)
    at tipoDe (<anonymous>:78:10)
    at tipoDe (<anonymous>:78:10)
    at tipoDe (<anonymous>:78:10)
    at tipoDe (<anonymous>:78:10)
    at tipoDe (<anonymous>:78:10)
    at tipoDe (<anonymous>:78:10)
    at tipoDe (<anonymous>:78:10)
    at tipoDe (<anonymous>:78:10)
    at tipoDe (<anonymous>:78:10)
    at tipoDe (<anonymous>:78:10)
    at tipoDe (<anonymous>:78:10)
    at tipoDe (<anonymous>:78:10)
    at tipoDe (<anonymous>:78:10)
[ 4974938ms] RangeError: Maximum call stack size exceeded
    at tipoDe (<anonymous>:77:30)
    at tipoDe (<anonymous>:78:10)
    at tipoDe (<anonymous>:78:10)
    at tipoDe (<anonymous>:78:10)
    at tipoDe (<anonymous>:78:10)
    at tipoDe (<anonymous>:78:10)
    at tipoDe (<anonymous>:78:10)
    at tipoDe (<anonymous>:78:10)
    at tipoDe (<anonymous>:78:10)
    at tipoDe (<anonymous>:78:10)
    at tipoDe (<anonymous>:78:10)
    at tipoDe (<anonymous>:78:10)
    at tipoDe (<anonymous>:78:10)
    at tipoDe (<anonymous>:78:10)
    at tipoDe (<anonymous>:78:10)
    at tipoDe (<anonymous>:78:10)
    at tipoDe (<anonymous>:78:10)
    at tipoDe (<anonymous>:78:10)
    at tipoDe (<anonymous>:78:10)
    at tipoDe (<anonymous>:78:10)
    at tipoDe (<anonymous>:78:10)
    at tipoDe (<anonymous>:78:10)
    at tipoDe (<anonymous>:78:10)
    at tipoDe (<anonymous>:78:10)
    at tipoDe (<anonymous>:78:10)
    at tipoDe (<anonymous>:78:10)
    at tipoDe (<anonymous>:78:10)
    at tipoDe (<anonymous>:78:10)
    at tipoDe (<anonymous>:78:10)
    at tipoDe (<anonymous>:78:10)
    at tipoDe (<anonymous>:78:10)
    at tipoDe (<anonymous>:78:10)
    at tipoDe (<anonymous>:78:10)
    at tipoDe (<anonymous>:78:10)
    at tipoDe (<anonymous>:78:10)
    at tipoDe (<anonymous>:78:10)
    at tipoDe (<anonymous>:78:10)
    at tipoDe (<anonymous>:78:10)
    at tipoDe (<anonymous>:78:10)
    at tipoDe (<anonymous>:78:10)
    at tipoDe (<anonymous>:78:10)
    at tipoDe (<anonymous>:78:10)
    at tipoDe (<anonymous>:78:10)
    at tipoDe (<anonymous>:78:10)
    at tipoDe (<anonymous>:78:10)
    at tipoDe (<anonymous>:78:10)
    at tipoDe (<anonymous>:78:10)
    at tipoDe (<anonymous>:78:10)
    at tipoDe (<anonymous>:78:10)
    at tipoDe (<anonymous>:78:10)
[ 4974938ms] [ERROR] The above error occurred in the <Agenda> component:

    at Agenda (<anonymous>:368:23)
    at main
    at div
    at div
    at Shell (<anonymous>:329:20)
    at div
    at App (<anonymous>:30:32)

Consider adding an error boundary to your tree to customize error handling behavior.
Visit https://reactjs.org/link/error-boundaries to learn more about error boundaries. @ https://unpkg.com/react-dom@18.3.1/umd/react-dom.development.js:18713
[ 4974939ms] RangeError: Maximum call stack size exceeded
    at tipoDe (<anonymous>:77:30)
    at tipoDe (<anonymous>:78:10)
    at tipoDe (<anonymous>:78:10)
    at tipoDe (<anonymous>:78:10)
    at tipoDe (<anonymous>:78:10)
    at tipoDe (<anonymous>:78:10)
    at tipoDe (<anonymous>:78:10)
    at tipoDe (<anonymous>:78:10)
    at tipoDe (<anonymous>:78:10)
    at tipoDe (<anonymous>:78:10)
    at tipoDe (<anonymous>:78:10)
    at tipoDe (<anonymous>:78:10)
    at tipoDe (<anonymous>:78:10)
    at tipoDe (<anonymous>:78:10)
    at tipoDe (<anonymous>:78:10)
    at tipoDe (<anonymous>:78:10)
    at tipoDe (<anonymous>:78:10)
    at tipoDe (<anonymous>:78:10)
    at tipoDe (<anonymous>:78:10)
    at tipoDe (<anonymous>:78:10)
    at tipoDe (<anonymous>:78:10)
    at tipoDe (<anonymous>:78:10)
    at tipoDe (<anonymous>:78:10)
    at tipoDe (<anonymous>:78:10)
    at tipoDe (<anonymous>:78:10)
    at tipoDe (<anonymous>:78:10)
    at tipoDe (<anonymous>:78:10)
    at tipoDe (<anonymous>:78:10)
    at tipoDe (<anonymous>:78:10)
    at tipoDe (<anonymous>:78:10)
    at tipoDe (<anonymous>:78:10)
    at tipoDe (<anonymous>:78:10)
    at tipoDe (<anonymous>:78:10)
    at tipoDe (<anonymous>:78:10)
    at tipoDe (<anonymous>:78:10)
    at tipoDe (<anonymous>:78:10)
    at tipoDe (<anonymous>:78:10)
    at tipoDe (<anonymous>:78:10)
    at tipoDe (<anonymous>:78:10)
    at tipoDe (<anonymous>:78:10)
    at tipoDe (<anonymous>:78:10)
    at tipoDe (<anonymous>:78:10)
    at tipoDe (<anonymous>:78:10)
    at tipoDe (<anonymous>:78:10)
    at tipoDe (<anonymous>:78:10)
    at tipoDe (<anonymous>:78:10)
    at tipoDe (<anonymous>:78:10)
    at tipoDe (<anonymous>:78:10)
    at tipoDe (<anonymous>:78:10)
    at tipoDe (<anonymous>:78:10)
[ 4975464ms] [INFO] %cDownload the React DevTools for a better development experience: https://reactjs.org/link/react-devtools font-weight:bold @ https://unpkg.com/react-dom@18.3.1/umd/react-dom.development.js:29904
[ 4975492ms] [WARNING] You are using the in-browser Babel transformer. Be sure to precompile your scripts for production - https://babeljs.io/docs/setup/ @ https://unpkg.com/@babel/standalone@7.29.0/babel.min.js:2
[ 4976797ms] [INFO] %cDownload the React DevTools for a better development experience: https://reactjs.org/link/react-devtools font-weight:bold @ https://unpkg.com/react-dom@18.3.1/umd/react-dom.development.js:29904
[ 4976825ms] [WARNING] You are using the in-browser Babel transformer. Be sure to precompile your scripts for production - https://babeljs.io/docs/setup/ @ https://unpkg.com/@babel/standalone@7.29.0/babel.min.js:2
[ 4998694ms] [INFO] %cDownload the React DevTools for a better development experience: https://reactjs.org/link/react-devtools font-weight:bold @ https://unpkg.com/react-dom@18.3.1/umd/react-dom.development.js:29904
[ 4998736ms] [WARNING] You are using the in-browser Babel transformer. Be sure to precompile your scripts for production - https://babeljs.io/docs/setup/ @ https://unpkg.com/@babel/standalone@7.29.0/babel.min.js:2
[ 5000967ms] [INFO] %cDownload the React DevTools for a better development experience: https://reactjs.org/link/react-devtools font-weight:bold @ https://unpkg.com/react-dom@18.3.1/umd/react-dom.development.js:29904
[ 5000996ms] [WARNING] You are using the in-browser Babel transformer. Be sure to precompile your scripts for production - https://babeljs.io/docs/setup/ @ https://unpkg.com/@babel/standalone@7.29.0/babel.min.js:2
[ 5003747ms] [INFO] %cDownload the React DevTools for a better development experience: https://reactjs.org/link/react-devtools font-weight:bold @ https://unpkg.com/react-dom@18.3.1/umd/react-dom.development.js:29904
[ 5003774ms] [WARNING] You are using the in-browser Babel transformer. Be sure to precompile your scripts for production - https://babeljs.io/docs/setup/ @ https://unpkg.com/@babel/standalone@7.29.0/babel.min.js:2
[ 5004839ms] [INFO] %cDownload the React DevTools for a better development experience: https://reactjs.org/link/react-devtools font-weight:bold @ https://unpkg.com/react-dom@18.3.1/umd/react-dom.development.js:29904
[ 5004871ms] [WARNING] You are using the in-browser Babel transformer. Be sure to precompile your scripts for production - https://babeljs.io/docs/setup/ @ https://unpkg.com/@babel/standalone@7.29.0/babel.min.js:2
[ 5007309ms] [INFO] %cDownload the React DevTools for a better development experience: https://reactjs.org/link/react-devtools font-weight:bold @ https://unpkg.com/react-dom@18.3.1/umd/react-dom.development.js:29904
[ 5007342ms] [WARNING] You are using the in-browser Babel transformer. Be sure to precompile your scripts for production - https://babeljs.io/docs/setup/ @ https://unpkg.com/@babel/standalone@7.29.0/babel.min.js:2
[ 5010711ms] [INFO] %cDownload the React DevTools for a better development experience: https://reactjs.org/link/react-devtools font-weight:bold @ https://unpkg.com/react-dom@18.3.1/umd/react-dom.development.js:29904
[ 5010738ms] [WARNING] You are using the in-browser Babel transformer. Be sure to precompile your scripts for production - https://babeljs.io/docs/setup/ @ https://unpkg.com/@babel/standalone@7.29.0/babel.min.js:2
[ 5013286ms] [INFO] %cDownload the React DevTools for a better development experience: https://reactjs.org/link/react-devtools font-weight:bold @ https://unpkg.com/react-dom@18.3.1/umd/react-dom.development.js:29904
[ 5013310ms] [WARNING] You are using the in-browser Babel transformer. Be sure to precompile your scripts for production - https://babeljs.io/docs/setup/ @ https://unpkg.com/@babel/standalone@7.29.0/babel.min.js:2
[ 5026874ms] [INFO] %cDownload the React DevTools for a better development experience: https://reactjs.org/link/react-devtools font-weight:bold @ https://unpkg.com/react-dom@18.3.1/umd/react-dom.development.js:29904
[ 5026899ms] [WARNING] You are using the in-browser Babel transformer. Be sure to precompile your scripts for production - https://babeljs.io/docs/setup/ @ https://unpkg.com/@babel/standalone@7.29.0/babel.min.js:2
[ 5029231ms] [INFO] %cDownload the React DevTools for a better development experience: https://reactjs.org/link/react-devtools font-weight:bold @ https://unpkg.com/react-dom@18.3.1/umd/react-dom.development.js:29904
[ 5029255ms] [WARNING] You are using the in-browser Babel transformer. Be sure to precompile your scripts for production - https://babeljs.io/docs/setup/ @ https://unpkg.com/@babel/standalone@7.29.0/babel.min.js:2
[ 5098396ms] [INFO] %cDownload the React DevTools for a better development experience: https://reactjs.org/link/react-devtools font-weight:bold @ https://unpkg.com/react-dom@18.3.1/umd/react-dom.development.js:29904
[ 5098424ms] [WARNING] You are using the in-browser Babel transformer. Be sure to precompile your scripts for production - https://babeljs.io/docs/setup/ @ https://unpkg.com/@babel/standalone@7.29.0/babel.min.js:2
[ 5100262ms] [INFO] %cDownload the React DevTools for a better development experience: https://reactjs.org/link/react-devtools font-weight:bold @ https://unpkg.com/react-dom@18.3.1/umd/react-dom.development.js:29904
[ 5100285ms] [WARNING] You are using the in-browser Babel transformer. Be sure to precompile your scripts for production - https://babeljs.io/docs/setup/ @ https://unpkg.com/@babel/standalone@7.29.0/babel.min.js:2
[ 5101317ms] [INFO] %cDownload the React DevTools for a better development experience: https://reactjs.org/link/react-devtools font-weight:bold @ https://unpkg.com/react-dom@18.3.1/umd/react-dom.development.js:29904
[ 5101338ms] [WARNING] You are using the in-browser Babel transformer. Be sure to precompile your scripts for production - https://babeljs.io/docs/setup/ @ https://unpkg.com/@babel/standalone@7.29.0/babel.min.js:2
[ 7077187ms] [INFO] %cDownload the React DevTools for a better development experience: https://reactjs.org/link/react-devtools font-weight:bold @ https://unpkg.com/react-dom@18.3.1/umd/react-dom.development.js:29904
[ 7077227ms] [WARNING] You are using the in-browser Babel transformer. Be sure to precompile your scripts for production - https://babeljs.io/docs/setup/ @ https://unpkg.com/@babel/standalone@7.29.0/babel.min.js:2
[ 7084840ms] [INFO] %cDownload the React DevTools for a better development experience: https://reactjs.org/link/react-devtools font-weight:bold @ https://unpkg.com/react-dom@18.3.1/umd/react-dom.development.js:29904
[ 7084875ms] [WARNING] You are using the in-browser Babel transformer. Be sure to precompile your scripts for production - https://babeljs.io/docs/setup/ @ https://unpkg.com/@babel/standalone@7.29.0/babel.min.js:2
[ 7087439ms] [INFO] %cDownload the React DevTools for a better development experience: https://reactjs.org/link/react-devtools font-weight:bold @ https://unpkg.com/react-dom@18.3.1/umd/react-dom.development.js:29904
[ 7087468ms] [WARNING] You are using the in-browser Babel transformer. Be sure to precompile your scripts for production - https://babeljs.io/docs/setup/ @ https://unpkg.com/@babel/standalone@7.29.0/babel.min.js:2
[ 7127755ms] [INFO] %cDownload the React DevTools for a better development experience: https://reactjs.org/link/react-devtools font-weight:bold @ https://unpkg.com/react-dom@18.3.1/umd/react-dom.development.js:29904
[ 7127812ms] [WARNING] You are using the in-browser Babel transformer. Be sure to precompile your scripts for production - https://babeljs.io/docs/setup/ @ https://unpkg.com/@babel/standalone@7.29.0/babel.min.js:2
[ 7135793ms] [INFO] %cDownload the React DevTools for a better development experience: https://reactjs.org/link/react-devtools font-weight:bold @ https://unpkg.com/react-dom@18.3.1/umd/react-dom.development.js:29904
[ 7135824ms] [WARNING] You are using the in-browser Babel transformer. Be sure to precompile your scripts for production - https://babeljs.io/docs/setup/ @ https://unpkg.com/@babel/standalone@7.29.0/babel.min.js:2
[ 7138342ms] [INFO] %cDownload the React DevTools for a better development experience: https://reactjs.org/link/react-devtools font-weight:bold @ https://unpkg.com/react-dom@18.3.1/umd/react-dom.development.js:29904
[ 7138367ms] [WARNING] You are using the in-browser Babel transformer. Be sure to precompile your scripts for production - https://babeljs.io/docs/setup/ @ https://unpkg.com/@babel/standalone@7.29.0/babel.min.js:2
[ 7143366ms] [INFO] %cDownload the React DevTools for a better development experience: https://reactjs.org/link/react-devtools font-weight:bold @ https://unpkg.com/react-dom@18.3.1/umd/react-dom.development.js:29904
[ 7143401ms] [WARNING] You are using the in-browser Babel transformer. Be sure to precompile your scripts for production - https://babeljs.io/docs/setup/ @ https://unpkg.com/@babel/standalone@7.29.0/babel.min.js:2
[ 7146361ms] [INFO] %cDownload the React DevTools for a better development experience: https://reactjs.org/link/react-devtools font-weight:bold @ https://unpkg.com/react-dom@18.3.1/umd/react-dom.development.js:29904
[ 7146388ms] [WARNING] You are using the in-browser Babel transformer. Be sure to precompile your scripts for production - https://babeljs.io/docs/setup/ @ https://unpkg.com/@babel/standalone@7.29.0/babel.min.js:2
[ 7149383ms] [INFO] %cDownload the React DevTools for a better development experience: https://reactjs.org/link/react-devtools font-weight:bold @ https://unpkg.com/react-dom@18.3.1/umd/react-dom.development.js:29904
[ 7149410ms] [WARNING] You are using the in-browser Babel transformer. Be sure to precompile your scripts for production - https://babeljs.io/docs/setup/ @ https://unpkg.com/@babel/standalone@7.29.0/babel.min.js:2
[ 7151900ms] [INFO] %cDownload the React DevTools for a better development experience: https://reactjs.org/link/react-devtools font-weight:bold @ https://unpkg.com/react-dom@18.3.1/umd/react-dom.development.js:29904
[ 7151926ms] [WARNING] You are using the in-browser Babel transformer. Be sure to precompile your scripts for production - https://babeljs.io/docs/setup/ @ https://unpkg.com/@babel/standalone@7.29.0/babel.min.js:2
[ 7154418ms] [INFO] %cDownload the React DevTools for a better development experience: https://reactjs.org/link/react-devtools font-weight:bold @ https://unpkg.com/react-dom@18.3.1/umd/react-dom.development.js:29904
[ 7154448ms] [WARNING] You are using the in-browser Babel transformer. Be sure to precompile your scripts for production - https://babeljs.io/docs/setup/ @ https://unpkg.com/@babel/standalone@7.29.0/babel.min.js:2
[ 7162535ms] [INFO] %cDownload the React DevTools for a better development experience: https://reactjs.org/link/react-devtools font-weight:bold @ https://unpkg.com/react-dom@18.3.1/umd/react-dom.development.js:29904
[ 7162562ms] [WARNING] You are using the in-browser Babel transformer. Be sure to precompile your scripts for production - https://babeljs.io/docs/setup/ @ https://unpkg.com/@babel/standalone@7.29.0/babel.min.js:2
[ 7165112ms] [INFO] %cDownload the React DevTools for a better development experience: https://reactjs.org/link/react-devtools font-weight:bold @ https://unpkg.com/react-dom@18.3.1/umd/react-dom.development.js:29904
[ 7165137ms] [WARNING] You are using the in-browser Babel transformer. Be sure to precompile your scripts for production - https://babeljs.io/docs/setup/ @ https://unpkg.com/@babel/standalone@7.29.0/babel.min.js:2
[ 7170099ms] [INFO] %cDownload the React DevTools for a better development experience: https://reactjs.org/link/react-devtools font-weight:bold @ https://unpkg.com/react-dom@18.3.1/umd/react-dom.development.js:29904
[ 7170137ms] [WARNING] You are using the in-browser Babel transformer. Be sure to precompile your scripts for production - https://babeljs.io/docs/setup/ @ https://unpkg.com/@babel/standalone@7.29.0/babel.min.js:2
[ 7173135ms] [INFO] %cDownload the React DevTools for a better development experience: https://reactjs.org/link/react-devtools font-weight:bold @ https://unpkg.com/react-dom@18.3.1/umd/react-dom.development.js:29904
[ 7173161ms] [WARNING] You are using the in-browser Babel transformer. Be sure to precompile your scripts for production - https://babeljs.io/docs/setup/ @ https://unpkg.com/@babel/standalone@7.29.0/babel.min.js:2
[ 7176043ms] [INFO] %cDownload the React DevTools for a better development experience: https://reactjs.org/link/react-devtools font-weight:bold @ https://unpkg.com/react-dom@18.3.1/umd/react-dom.development.js:29904
[ 7176069ms] [WARNING] You are using the in-browser Babel transformer. Be sure to precompile your scripts for production - https://babeljs.io/docs/setup/ @ https://unpkg.com/@babel/standalone@7.29.0/babel.min.js:2
[ 7178444ms] [INFO] %cDownload the React DevTools for a better development experience: https://reactjs.org/link/react-devtools font-weight:bold @ https://unpkg.com/react-dom@18.3.1/umd/react-dom.development.js:29904
[ 7178471ms] [WARNING] You are using the in-browser Babel transformer. Be sure to precompile your scripts for production - https://babeljs.io/docs/setup/ @ https://unpkg.com/@babel/standalone@7.29.0/babel.min.js:2
[ 7180988ms] [INFO] %cDownload the React DevTools for a better development experience: https://reactjs.org/link/react-devtools font-weight:bold @ https://unpkg.com/react-dom@18.3.1/umd/react-dom.development.js:29904
[ 7181014ms] [WARNING] You are using the in-browser Babel transformer. Be sure to precompile your scripts for production - https://babeljs.io/docs/setup/ @ https://unpkg.com/@babel/standalone@7.29.0/babel.min.js:2
[ 7188456ms] [INFO] %cDownload the React DevTools for a better development experience: https://reactjs.org/link/react-devtools font-weight:bold @ https://unpkg.com/react-dom@18.3.1/umd/react-dom.development.js:29904
[ 7188491ms] [WARNING] You are using the in-browser Babel transformer. Be sure to precompile your scripts for production - https://babeljs.io/docs/setup/ @ https://unpkg.com/@babel/standalone@7.29.0/babel.min.js:2
[ 7190605ms] [INFO] %cDownload the React DevTools for a better development experience: https://reactjs.org/link/react-devtools font-weight:bold @ https://unpkg.com/react-dom@18.3.1/umd/react-dom.development.js:29904
[ 7190632ms] [WARNING] You are using the in-browser Babel transformer. Be sure to precompile your scripts for production - https://babeljs.io/docs/setup/ @ https://unpkg.com/@babel/standalone@7.29.0/babel.min.js:2
[ 7195284ms] [INFO] %cDownload the React DevTools for a better development experience: https://reactjs.org/link/react-devtools font-weight:bold @ https://unpkg.com/react-dom@18.3.1/umd/react-dom.development.js:29904
[ 7195316ms] [WARNING] You are using the in-browser Babel transformer. Be sure to precompile your scripts for production - https://babeljs.io/docs/setup/ @ https://unpkg.com/@babel/standalone@7.29.0/babel.min.js:2
[ 7197975ms] [INFO] %cDownload the React DevTools for a better development experience: https://reactjs.org/link/react-devtools font-weight:bold @ https://unpkg.com/react-dom@18.3.1/umd/react-dom.development.js:29904
[ 7198002ms] [WARNING] You are using the in-browser Babel transformer. Be sure to precompile your scripts for production - https://babeljs.io/docs/setup/ @ https://unpkg.com/@babel/standalone@7.29.0/babel.min.js:2
[ 7200683ms] [INFO] %cDownload the React DevTools for a better development experience: https://reactjs.org/link/react-devtools font-weight:bold @ https://unpkg.com/react-dom@18.3.1/umd/react-dom.development.js:29904
[ 7200709ms] [WARNING] You are using the in-browser Babel transformer. Be sure to precompile your scripts for production - https://babeljs.io/docs/setup/ @ https://unpkg.com/@babel/standalone@7.29.0/babel.min.js:2
[ 7202720ms] [INFO] %cDownload the React DevTools for a better development experience: https://reactjs.org/link/react-devtools font-weight:bold @ https://unpkg.com/react-dom@18.3.1/umd/react-dom.development.js:29904
[ 7202745ms] [WARNING] You are using the in-browser Babel transformer. Be sure to precompile your scripts for production - https://babeljs.io/docs/setup/ @ https://unpkg.com/@babel/standalone@7.29.0/babel.min.js:2
[ 7204837ms] [INFO] %cDownload the React DevTools for a better development experience: https://reactjs.org/link/react-devtools font-weight:bold @ https://unpkg.com/react-dom@18.3.1/umd/react-dom.development.js:29904
[ 7204864ms] [WARNING] You are using the in-browser Babel transformer. Be sure to precompile your scripts for production - https://babeljs.io/docs/setup/ @ https://unpkg.com/@babel/standalone@7.29.0/babel.min.js:2
[ 7212523ms] [INFO] %cDownload the React DevTools for a better development experience: https://reactjs.org/link/react-devtools font-weight:bold @ https://unpkg.com/react-dom@18.3.1/umd/react-dom.development.js:29904
[ 7212553ms] [WARNING] You are using the in-browser Babel transformer. Be sure to precompile your scripts for production - https://babeljs.io/docs/setup/ @ https://unpkg.com/@babel/standalone@7.29.0/babel.min.js:2
[ 7214607ms] [INFO] %cDownload the React DevTools for a better development experience: https://reactjs.org/link/react-devtools font-weight:bold @ https://unpkg.com/react-dom@18.3.1/umd/react-dom.development.js:29904
[ 7214633ms] [WARNING] You are using the in-browser Babel transformer. Be sure to precompile your scripts for production - https://babeljs.io/docs/setup/ @ https://unpkg.com/@babel/standalone@7.29.0/babel.min.js:2
[ 7219274ms] [INFO] %cDownload the React DevTools for a better development experience: https://reactjs.org/link/react-devtools font-weight:bold @ https://unpkg.com/react-dom@18.3.1/umd/react-dom.development.js:29904
[ 7219309ms] [WARNING] You are using the in-browser Babel transformer. Be sure to precompile your scripts for production - https://babeljs.io/docs/setup/ @ https://unpkg.com/@babel/standalone@7.29.0/babel.min.js:2
[ 7221899ms] [INFO] %cDownload the React DevTools for a better development experience: https://reactjs.org/link/react-devtools font-weight:bold @ https://unpkg.com/react-dom@18.3.1/umd/react-dom.development.js:29904
[ 7221924ms] [WARNING] You are using the in-browser Babel transformer. Be sure to precompile your scripts for production - https://babeljs.io/docs/setup/ @ https://unpkg.com/@babel/standalone@7.29.0/babel.min.js:2
[ 7224506ms] [INFO] %cDownload the React DevTools for a better development experience: https://reactjs.org/link/react-devtools font-weight:bold @ https://unpkg.com/react-dom@18.3.1/umd/react-dom.development.js:29904
[ 7224535ms] [WARNING] You are using the in-browser Babel transformer. Be sure to precompile your scripts for production - https://babeljs.io/docs/setup/ @ https://unpkg.com/@babel/standalone@7.29.0/babel.min.js:2
[ 7226646ms] [INFO] %cDownload the React DevTools for a better development experience: https://reactjs.org/link/react-devtools font-weight:bold @ https://unpkg.com/react-dom@18.3.1/umd/react-dom.development.js:29904
[ 7226673ms] [WARNING] You are using the in-browser Babel transformer. Be sure to precompile your scripts for production - https://babeljs.io/docs/setup/ @ https://unpkg.com/@babel/standalone@7.29.0/babel.min.js:2
[ 7255015ms] [INFO] %cDownload the React DevTools for a better development experience: https://reactjs.org/link/react-devtools font-weight:bold @ https://unpkg.com/react-dom@18.3.1/umd/react-dom.development.js:29904
[ 7255053ms] [WARNING] You are using the in-browser Babel transformer. Be sure to precompile your scripts for production - https://babeljs.io/docs/setup/ @ https://unpkg.com/@babel/standalone@7.29.0/babel.min.js:2
[ 7262654ms] [INFO] %cDownload the React DevTools for a better development experience: https://reactjs.org/link/react-devtools font-weight:bold @ https://unpkg.com/react-dom@18.3.1/umd/react-dom.development.js:29904
[ 7262683ms] [WARNING] You are using the in-browser Babel transformer. Be sure to precompile your scripts for production - https://babeljs.io/docs/setup/ @ https://unpkg.com/@babel/standalone@7.29.0/babel.min.js:2
[ 7270061ms] [INFO] %cDownload the React DevTools for a better development experience: https://reactjs.org/link/react-devtools font-weight:bold @ https://unpkg.com/react-dom@18.3.1/umd/react-dom.development.js:29904
[ 7270087ms] [WARNING] You are using the in-browser Babel transformer. Be sure to precompile your scripts for production - https://babeljs.io/docs/setup/ @ https://unpkg.com/@babel/standalone@7.29.0/babel.min.js:2
[ 7277597ms] [INFO] %cDownload the React DevTools for a better development experience: https://reactjs.org/link/react-devtools font-weight:bold @ https://unpkg.com/react-dom@18.3.1/umd/react-dom.development.js:29904
[ 7277631ms] [WARNING] You are using the in-browser Babel transformer. Be sure to precompile your scripts for production - https://babeljs.io/docs/setup/ @ https://unpkg.com/@babel/standalone@7.29.0/babel.min.js:2
[ 7291076ms] [INFO] %cDownload the React DevTools for a better development experience: https://reactjs.org/link/react-devtools font-weight:bold @ https://unpkg.com/react-dom@18.3.1/umd/react-dom.development.js:29904
[ 7291109ms] [WARNING] You are using the in-browser Babel transformer. Be sure to precompile your scripts for production - https://babeljs.io/docs/setup/ @ https://unpkg.com/@babel/standalone@7.29.0/babel.min.js:2
[ 7336553ms] [INFO] %cDownload the React DevTools for a better development experience: https://reactjs.org/link/react-devtools font-weight:bold @ https://unpkg.com/react-dom@18.3.1/umd/react-dom.development.js:29904
[ 7336620ms] [WARNING] You are using the in-browser Babel transformer. Be sure to precompile your scripts for production - https://babeljs.io/docs/setup/ @ https://unpkg.com/@babel/standalone@7.29.0/babel.min.js:2
[ 7345636ms] [INFO] %cDownload the React DevTools for a better development experience: https://reactjs.org/link/react-devtools font-weight:bold @ https://unpkg.com/react-dom@18.3.1/umd/react-dom.development.js:29904
[ 7345679ms] [WARNING] You are using the in-browser Babel transformer. Be sure to precompile your scripts for production - https://babeljs.io/docs/setup/ @ https://unpkg.com/@babel/standalone@7.29.0/babel.min.js:2
[ 7348889ms] [INFO] %cDownload the React DevTools for a better development experience: https://reactjs.org/link/react-devtools font-weight:bold @ https://unpkg.com/react-dom@18.3.1/umd/react-dom.development.js:29904
[ 7348938ms] [WARNING] You are using the in-browser Babel transformer. Be sure to precompile your scripts for production - https://babeljs.io/docs/setup/ @ https://unpkg.com/@babel/standalone@7.29.0/babel.min.js:2
[ 7354582ms] [INFO] %cDownload the React DevTools for a better development experience: https://reactjs.org/link/react-devtools font-weight:bold @ https://unpkg.com/react-dom@18.3.1/umd/react-dom.development.js:29904
[ 7354622ms] [WARNING] You are using the in-browser Babel transformer. Be sure to precompile your scripts for production - https://babeljs.io/docs/setup/ @ https://unpkg.com/@babel/standalone@7.29.0/babel.min.js:2
[ 7357890ms] [INFO] %cDownload the React DevTools for a better development experience: https://reactjs.org/link/react-devtools font-weight:bold @ https://unpkg.com/react-dom@18.3.1/umd/react-dom.development.js:29904
[ 7357923ms] [WARNING] You are using the in-browser Babel transformer. Be sure to precompile your scripts for production - https://babeljs.io/docs/setup/ @ https://unpkg.com/@babel/standalone@7.29.0/babel.min.js:2
[ 7360954ms] [INFO] %cDownload the React DevTools for a better development experience: https://reactjs.org/link/react-devtools font-weight:bold @ https://unpkg.com/react-dom@18.3.1/umd/react-dom.development.js:29904
[ 7360983ms] [WARNING] You are using the in-browser Babel transformer. Be sure to precompile your scripts for production - https://babeljs.io/docs/setup/ @ https://unpkg.com/@babel/standalone@7.29.0/babel.min.js:2
[ 7364127ms] [INFO] %cDownload the React DevTools for a better development experience: https://reactjs.org/link/react-devtools font-weight:bold @ https://unpkg.com/react-dom@18.3.1/umd/react-dom.development.js:29904
[ 7364173ms] [WARNING] You are using the in-browser Babel transformer. Be sure to precompile your scripts for production - https://babeljs.io/docs/setup/ @ https://unpkg.com/@babel/standalone@7.29.0/babel.min.js:2
[ 7367312ms] [INFO] %cDownload the React DevTools for a better development experience: https://reactjs.org/link/react-devtools font-weight:bold @ https://unpkg.com/react-dom@18.3.1/umd/react-dom.development.js:29904
[ 7367348ms] [WARNING] You are using the in-browser Babel transformer. Be sure to precompile your scripts for production - https://babeljs.io/docs/setup/ @ https://unpkg.com/@babel/standalone@7.29.0/babel.min.js:2
[ 7375428ms] [INFO] %cDownload the React DevTools for a better development experience: https://reactjs.org/link/react-devtools font-weight:bold @ https://unpkg.com/react-dom@18.3.1/umd/react-dom.development.js:29904
[ 7375465ms] [WARNING] You are using the in-browser Babel transformer. Be sure to precompile your scripts for production - https://babeljs.io/docs/setup/ @ https://unpkg.com/@babel/standalone@7.29.0/babel.min.js:2
[ 7377842ms] [INFO] %cDownload the React DevTools for a better development experience: https://reactjs.org/link/react-devtools font-weight:bold @ https://unpkg.com/react-dom@18.3.1/umd/react-dom.development.js:29904
[ 7377872ms] [WARNING] You are using the in-browser Babel transformer. Be sure to precompile your scripts for production - https://babeljs.io/docs/setup/ @ https://unpkg.com/@babel/standalone@7.29.0/babel.min.js:2
[ 7382567ms] [INFO] %cDownload the React DevTools for a better development experience: https://reactjs.org/link/react-devtools font-weight:bold @ https://unpkg.com/react-dom@18.3.1/umd/react-dom.development.js:29904
[ 7382597ms] [WARNING] You are using the in-browser Babel transformer. Be sure to precompile your scripts for production - https://babeljs.io/docs/setup/ @ https://unpkg.com/@babel/standalone@7.29.0/babel.min.js:2
[ 7385373ms] [INFO] %cDownload the React DevTools for a better development experience: https://reactjs.org/link/react-devtools font-weight:bold @ https://unpkg.com/react-dom@18.3.1/umd/react-dom.development.js:29904
[ 7385401ms] [WARNING] You are using the in-browser Babel transformer. Be sure to precompile your scripts for production - https://babeljs.io/docs/setup/ @ https://unpkg.com/@babel/standalone@7.29.0/babel.min.js:2
[ 7388157ms] [INFO] %cDownload the React DevTools for a better development experience: https://reactjs.org/link/react-devtools font-weight:bold @ https://unpkg.com/react-dom@18.3.1/umd/react-dom.development.js:29904
[ 7388190ms] [WARNING] You are using the in-browser Babel transformer. Be sure to precompile your scripts for production - https://babeljs.io/docs/setup/ @ https://unpkg.com/@babel/standalone@7.29.0/babel.min.js:2
[ 7390394ms] [INFO] %cDownload the React DevTools for a better development experience: https://reactjs.org/link/react-devtools font-weight:bold @ https://unpkg.com/react-dom@18.3.1/umd/react-dom.development.js:29904
[ 7390425ms] [WARNING] You are using the in-browser Babel transformer. Be sure to precompile your scripts for production - https://babeljs.io/docs/setup/ @ https://unpkg.com/@babel/standalone@7.29.0/babel.min.js:2
[ 7392659ms] [INFO] %cDownload the React DevTools for a better development experience: https://reactjs.org/link/react-devtools font-weight:bold @ https://unpkg.com/react-dom@18.3.1/umd/react-dom.development.js:29904
[ 7392691ms] [WARNING] You are using the in-browser Babel transformer. Be sure to precompile your scripts for production - https://babeljs.io/docs/setup/ @ https://unpkg.com/@babel/standalone@7.29.0/babel.min.js:2
[ 7399780ms] [INFO] %cDownload the React DevTools for a better development experience: https://reactjs.org/link/react-devtools font-weight:bold @ https://unpkg.com/react-dom@18.3.1/umd/react-dom.development.js:29904
[ 7399815ms] [WARNING] You are using the in-browser Babel transformer. Be sure to precompile your scripts for production - https://babeljs.io/docs/setup/ @ https://unpkg.com/@babel/standalone@7.29.0/babel.min.js:2
[ 7401718ms] [INFO] %cDownload the React DevTools for a better development experience: https://reactjs.org/link/react-devtools font-weight:bold @ https://unpkg.com/react-dom@18.3.1/umd/react-dom.development.js:29904
[ 7401747ms] [WARNING] You are using the in-browser Babel transformer. Be sure to precompile your scripts for production - https://babeljs.io/docs/setup/ @ https://unpkg.com/@babel/standalone@7.29.0/babel.min.js:2
[ 7406155ms] [INFO] %cDownload the React DevTools for a better development experience: https://reactjs.org/link/react-devtools font-weight:bold @ https://unpkg.com/react-dom@18.3.1/umd/react-dom.development.js:29904
[ 7406181ms] [WARNING] You are using the in-browser Babel transformer. Be sure to precompile your scripts for production - https://babeljs.io/docs/setup/ @ https://unpkg.com/@babel/standalone@7.29.0/babel.min.js:2
[ 7408556ms] [INFO] %cDownload the React DevTools for a better development experience: https://reactjs.org/link/react-devtools font-weight:bold @ https://unpkg.com/react-dom@18.3.1/umd/react-dom.development.js:29904
[ 7408584ms] [WARNING] You are using the in-browser Babel transformer. Be sure to precompile your scripts for production - https://babeljs.io/docs/setup/ @ https://unpkg.com/@babel/standalone@7.29.0/babel.min.js:2
[ 7410905ms] [INFO] %cDownload the React DevTools for a better development experience: https://reactjs.org/link/react-devtools font-weight:bold @ https://unpkg.com/react-dom@18.3.1/umd/react-dom.development.js:29904
[ 7410934ms] [WARNING] You are using the in-browser Babel transformer. Be sure to precompile your scripts for production - https://babeljs.io/docs/setup/ @ https://unpkg.com/@babel/standalone@7.29.0/babel.min.js:2
[ 7412797ms] [INFO] %cDownload the React DevTools for a better development experience: https://reactjs.org/link/react-devtools font-weight:bold @ https://unpkg.com/react-dom@18.3.1/umd/react-dom.development.js:29904
[ 7412823ms] [WARNING] You are using the in-browser Babel transformer. Be sure to precompile your scripts for production - https://babeljs.io/docs/setup/ @ https://unpkg.com/@babel/standalone@7.29.0/babel.min.js:2
[ 7414688ms] [INFO] %cDownload the React DevTools for a better development experience: https://reactjs.org/link/react-devtools font-weight:bold @ https://unpkg.com/react-dom@18.3.1/umd/react-dom.development.js:29904
[ 7414718ms] [WARNING] You are using the in-browser Babel transformer. Be sure to precompile your scripts for production - https://babeljs.io/docs/setup/ @ https://unpkg.com/@babel/standalone@7.29.0/babel.min.js:2
[ 7422129ms] [INFO] %cDownload the React DevTools for a better development experience: https://reactjs.org/link/react-devtools font-weight:bold @ https://unpkg.com/react-dom@18.3.1/umd/react-dom.development.js:29904
[ 7422159ms] [WARNING] You are using the in-browser Babel transformer. Be sure to precompile your scripts for production - https://babeljs.io/docs/setup/ @ https://unpkg.com/@babel/standalone@7.29.0/babel.min.js:2
[ 7424143ms] [INFO] %cDownload the React DevTools for a better development experience: https://reactjs.org/link/react-devtools font-weight:bold @ https://unpkg.com/react-dom@18.3.1/umd/react-dom.development.js:29904
[ 7424186ms] [WARNING] You are using the in-browser Babel transformer. Be sure to precompile your scripts for production - https://babeljs.io/docs/setup/ @ https://unpkg.com/@babel/standalone@7.29.0/babel.min.js:2
[ 7428624ms] [INFO] %cDownload the React DevTools for a better development experience: https://reactjs.org/link/react-devtools font-weight:bold @ https://unpkg.com/react-dom@18.3.1/umd/react-dom.development.js:29904
[ 7428651ms] [WARNING] You are using the in-browser Babel transformer. Be sure to precompile your scripts for production - https://babeljs.io/docs/setup/ @ https://unpkg.com/@babel/standalone@7.29.0/babel.min.js:2
[ 7430981ms] [INFO] %cDownload the React DevTools for a better development experience: https://reactjs.org/link/react-devtools font-weight:bold @ https://unpkg.com/react-dom@18.3.1/umd/react-dom.development.js:29904
[ 7431008ms] [WARNING] You are using the in-browser Babel transformer. Be sure to precompile your scripts for production - https://babeljs.io/docs/setup/ @ https://unpkg.com/@babel/standalone@7.29.0/babel.min.js:2
[ 7433360ms] [INFO] %cDownload the React DevTools for a better development experience: https://reactjs.org/link/react-devtools font-weight:bold @ https://unpkg.com/react-dom@18.3.1/umd/react-dom.development.js:29904
[ 7433391ms] [WARNING] You are using the in-browser Babel transformer. Be sure to precompile your scripts for production - https://babeljs.io/docs/setup/ @ https://unpkg.com/@babel/standalone@7.29.0/babel.min.js:2
[ 7435295ms] [INFO] %cDownload the React DevTools for a better development experience: https://reactjs.org/link/react-devtools font-weight:bold @ https://unpkg.com/react-dom@18.3.1/umd/react-dom.development.js:29904
[ 7435325ms] [WARNING] You are using the in-browser Babel transformer. Be sure to precompile your scripts for production - https://babeljs.io/docs/setup/ @ https://unpkg.com/@babel/standalone@7.29.0/babel.min.js:2
[ 7446108ms] [INFO] %cDownload the React DevTools for a better development experience: https://reactjs.org/link/react-devtools font-weight:bold @ https://unpkg.com/react-dom@18.3.1/umd/react-dom.development.js:29904
[ 7446145ms] [WARNING] You are using the in-browser Babel transformer. Be sure to precompile your scripts for production - https://babeljs.io/docs/setup/ @ https://unpkg.com/@babel/standalone@7.29.0/babel.min.js:2
[ 7458527ms] [INFO] %cDownload the React DevTools for a better development experience: https://reactjs.org/link/react-devtools font-weight:bold @ https://unpkg.com/react-dom@18.3.1/umd/react-dom.development.js:29904
[ 7458570ms] [WARNING] You are using the in-browser Babel transformer. Be sure to precompile your scripts for production - https://babeljs.io/docs/setup/ @ https://unpkg.com/@babel/standalone@7.29.0/babel.min.js:2
[ 7466088ms] [INFO] %cDownload the React DevTools for a better development experience: https://reactjs.org/link/react-devtools font-weight:bold @ https://unpkg.com/react-dom@18.3.1/umd/react-dom.development.js:29904
[ 7466125ms] [WARNING] You are using the in-browser Babel transformer. Be sure to precompile your scripts for production - https://babeljs.io/docs/setup/ @ https://unpkg.com/@babel/standalone@7.29.0/babel.min.js:2
[ 7468354ms] [INFO] %cDownload the React DevTools for a better development experience: https://reactjs.org/link/react-devtools font-weight:bold @ https://unpkg.com/react-dom@18.3.1/umd/react-dom.development.js:29904
[ 7468383ms] [WARNING] You are using the in-browser Babel transformer. Be sure to precompile your scripts for production - https://babeljs.io/docs/setup/ @ https://unpkg.com/@babel/standalone@7.29.0/babel.min.js:2
[ 7473136ms] [INFO] %cDownload the React DevTools for a better development experience: https://reactjs.org/link/react-devtools font-weight:bold @ https://unpkg.com/react-dom@18.3.1/umd/react-dom.development.js:29904
[ 7473164ms] [WARNING] You are using the in-browser Babel transformer. Be sure to precompile your scripts for production - https://babeljs.io/docs/setup/ @ https://unpkg.com/@babel/standalone@7.29.0/babel.min.js:2
[ 7475829ms] [INFO] %cDownload the React DevTools for a better development experience: https://reactjs.org/link/react-devtools font-weight:bold @ https://unpkg.com/react-dom@18.3.1/umd/react-dom.development.js:29904
[ 7475862ms] [WARNING] You are using the in-browser Babel transformer. Be sure to precompile your scripts for production - https://babeljs.io/docs/setup/ @ https://unpkg.com/@babel/standalone@7.29.0/babel.min.js:2
[ 7478571ms] [INFO] %cDownload the React DevTools for a better development experience: https://reactjs.org/link/react-devtools font-weight:bold @ https://unpkg.com/react-dom@18.3.1/umd/react-dom.development.js:29904
[ 7478600ms] [WARNING] You are using the in-browser Babel transformer. Be sure to precompile your scripts for production - https://babeljs.io/docs/setup/ @ https://unpkg.com/@babel/standalone@7.29.0/babel.min.js:2
[ 7480812ms] [INFO] %cDownload the React DevTools for a better development experience: https://reactjs.org/link/react-devtools font-weight:bold @ https://unpkg.com/react-dom@18.3.1/umd/react-dom.development.js:29904
[ 7480838ms] [WARNING] You are using the in-browser Babel transformer. Be sure to precompile your scripts for production - https://babeljs.io/docs/setup/ @ https://unpkg.com/@babel/standalone@7.29.0/babel.min.js:2
[ 7483681ms] [INFO] %cDownload the React DevTools for a better development experience: https://reactjs.org/link/react-devtools font-weight:bold @ https://unpkg.com/react-dom@18.3.1/umd/react-dom.development.js:29904
[ 7483716ms] [WARNING] You are using the in-browser Babel transformer. Be sure to precompile your scripts for production - https://babeljs.io/docs/setup/ @ https://unpkg.com/@babel/standalone@7.29.0/babel.min.js:2
[ 7491971ms] [INFO] %cDownload the React DevTools for a better development experience: https://reactjs.org/link/react-devtools font-weight:bold @ https://unpkg.com/react-dom@18.3.1/umd/react-dom.development.js:29904
[ 7492003ms] [WARNING] You are using the in-browser Babel transformer. Be sure to precompile your scripts for production - https://babeljs.io/docs/setup/ @ https://unpkg.com/@babel/standalone@7.29.0/babel.min.js:2
[ 7494575ms] [INFO] %cDownload the React DevTools for a better development experience: https://reactjs.org/link/react-devtools font-weight:bold @ https://unpkg.com/react-dom@18.3.1/umd/react-dom.development.js:29904
[ 7494637ms] [WARNING] You are using the in-browser Babel transformer. Be sure to precompile your scripts for production - https://babeljs.io/docs/setup/ @ https://unpkg.com/@babel/standalone@7.29.0/babel.min.js:2
[ 7499773ms] [INFO] %cDownload the React DevTools for a better development experience: https://reactjs.org/link/react-devtools font-weight:bold @ https://unpkg.com/react-dom@18.3.1/umd/react-dom.development.js:29904
[ 7499808ms] [WARNING] You are using the in-browser Babel transformer. Be sure to precompile your scripts for production - https://babeljs.io/docs/setup/ @ https://unpkg.com/@babel/standalone@7.29.0/babel.min.js:2
[ 7502734ms] [INFO] %cDownload the React DevTools for a better development experience: https://reactjs.org/link/react-devtools font-weight:bold @ https://unpkg.com/react-dom@18.3.1/umd/react-dom.development.js:29904
[ 7502765ms] [WARNING] You are using the in-browser Babel transformer. Be sure to precompile your scripts for production - https://babeljs.io/docs/setup/ @ https://unpkg.com/@babel/standalone@7.29.0/babel.min.js:2
[ 7505609ms] [INFO] %cDownload the React DevTools for a better development experience: https://reactjs.org/link/react-devtools font-weight:bold @ https://unpkg.com/react-dom@18.3.1/umd/react-dom.development.js:29904
[ 7505642ms] [WARNING] You are using the in-browser Babel transformer. Be sure to precompile your scripts for production - https://babeljs.io/docs/setup/ @ https://unpkg.com/@babel/standalone@7.29.0/babel.min.js:2
[ 7508073ms] [INFO] %cDownload the React DevTools for a better development experience: https://reactjs.org/link/react-devtools font-weight:bold @ https://unpkg.com/react-dom@18.3.1/umd/react-dom.development.js:29904
[ 7508107ms] [WARNING] You are using the in-browser Babel transformer. Be sure to precompile your scripts for production - https://babeljs.io/docs/setup/ @ https://unpkg.com/@babel/standalone@7.29.0/babel.min.js:2
[ 7510766ms] [INFO] %cDownload the React DevTools for a better development experience: https://reactjs.org/link/react-devtools font-weight:bold @ https://unpkg.com/react-dom@18.3.1/umd/react-dom.development.js:29904
[ 7510807ms] [WARNING] You are using the in-browser Babel transformer. Be sure to precompile your scripts for production - https://babeljs.io/docs/setup/ @ https://unpkg.com/@babel/standalone@7.29.0/babel.min.js:2
[ 7518561ms] [INFO] %cDownload the React DevTools for a better development experience: https://reactjs.org/link/react-devtools font-weight:bold @ https://unpkg.com/react-dom@18.3.1/umd/react-dom.development.js:29904
[ 7518612ms] [WARNING] You are using the in-browser Babel transformer. Be sure to precompile your scripts for production - https://babeljs.io/docs/setup/ @ https://unpkg.com/@babel/standalone@7.29.0/babel.min.js:2
[ 7521068ms] [INFO] %cDownload the React DevTools for a better development experience: https://reactjs.org/link/react-devtools font-weight:bold @ https://unpkg.com/react-dom@18.3.1/umd/react-dom.development.js:29904
[ 7521105ms] [WARNING] You are using the in-browser Babel transformer. Be sure to precompile your scripts for production - https://babeljs.io/docs/setup/ @ https://unpkg.com/@babel/standalone@7.29.0/babel.min.js:2
[ 7525917ms] [INFO] %cDownload the React DevTools for a better development experience: https://reactjs.org/link/react-devtools font-weight:bold @ https://unpkg.com/react-dom@18.3.1/umd/react-dom.development.js:29904
[ 7525955ms] [WARNING] You are using the in-browser Babel transformer. Be sure to precompile your scripts for production - https://babeljs.io/docs/setup/ @ https://unpkg.com/@babel/standalone@7.29.0/babel.min.js:2
[ 7528643ms] [INFO] %cDownload the React DevTools for a better development experience: https://reactjs.org/link/react-devtools font-weight:bold @ https://unpkg.com/react-dom@18.3.1/umd/react-dom.development.js:29904
[ 7528676ms] [WARNING] You are using the in-browser Babel transformer. Be sure to precompile your scripts for production - https://babeljs.io/docs/setup/ @ https://unpkg.com/@babel/standalone@7.29.0/babel.min.js:2
[ 7531150ms] [INFO] %cDownload the React DevTools for a better development experience: https://reactjs.org/link/react-devtools font-weight:bold @ https://unpkg.com/react-dom@18.3.1/umd/react-dom.development.js:29904
[ 7531184ms] [WARNING] You are using the in-browser Babel transformer. Be sure to precompile your scripts for production - https://babeljs.io/docs/setup/ @ https://unpkg.com/@babel/standalone@7.29.0/babel.min.js:2
[ 7533186ms] [INFO] %cDownload the React DevTools for a better development experience: https://reactjs.org/link/react-devtools font-weight:bold @ https://unpkg.com/react-dom@18.3.1/umd/react-dom.development.js:29904
[ 7533220ms] [WARNING] You are using the in-browser Babel transformer. Be sure to precompile your scripts for production - https://babeljs.io/docs/setup/ @ https://unpkg.com/@babel/standalone@7.29.0/babel.min.js:2
[ 7535231ms] [INFO] %cDownload the React DevTools for a better development experience: https://reactjs.org/link/react-devtools font-weight:bold @ https://unpkg.com/react-dom@18.3.1/umd/react-dom.development.js:29904
[ 7535271ms] [WARNING] You are using the in-browser Babel transformer. Be sure to precompile your scripts for production - https://babeljs.io/docs/setup/ @ https://unpkg.com/@babel/standalone@7.29.0/babel.min.js:2
[ 7543066ms] [INFO] %cDownload the React DevTools for a better development experience: https://reactjs.org/link/react-devtools font-weight:bold @ https://unpkg.com/react-dom@18.3.1/umd/react-dom.development.js:29904
[ 7543110ms] [WARNING] You are using the in-browser Babel transformer. Be sure to precompile your scripts for production - https://babeljs.io/docs/setup/ @ https://unpkg.com/@babel/standalone@7.29.0/babel.min.js:2
[ 7545348ms] [INFO] %cDownload the React DevTools for a better development experience: https://reactjs.org/link/react-devtools font-weight:bold @ https://unpkg.com/react-dom@18.3.1/umd/react-dom.development.js:29904
[ 7545391ms] [WARNING] You are using the in-browser Babel transformer. Be sure to precompile your scripts for production - https://babeljs.io/docs/setup/ @ https://unpkg.com/@babel/standalone@7.29.0/babel.min.js:2
[ 7550260ms] [INFO] %cDownload the React DevTools for a better development experience: https://reactjs.org/link/react-devtools font-weight:bold @ https://unpkg.com/react-dom@18.3.1/umd/react-dom.development.js:29904
[ 7550290ms] [WARNING] You are using the in-browser Babel transformer. Be sure to precompile your scripts for production - https://babeljs.io/docs/setup/ @ https://unpkg.com/@babel/standalone@7.29.0/babel.min.js:2
[ 7552713ms] [INFO] %cDownload the React DevTools for a better development experience: https://reactjs.org/link/react-devtools font-weight:bold @ https://unpkg.com/react-dom@18.3.1/umd/react-dom.development.js:29904
[ 7552750ms] [WARNING] You are using the in-browser Babel transformer. Be sure to precompile your scripts for production - https://babeljs.io/docs/setup/ @ https://unpkg.com/@babel/standalone@7.29.0/babel.min.js:2
[ 7555964ms] [INFO] %cDownload the React DevTools for a better development experience: https://reactjs.org/link/react-devtools font-weight:bold @ https://unpkg.com/react-dom@18.3.1/umd/react-dom.development.js:29904
[ 7555993ms] [WARNING] You are using the in-browser Babel transformer. Be sure to precompile your scripts for production - https://babeljs.io/docs/setup/ @ https://unpkg.com/@babel/standalone@7.29.0/babel.min.js:2
[ 7557883ms] [INFO] %cDownload the React DevTools for a better development experience: https://reactjs.org/link/react-devtools font-weight:bold @ https://unpkg.com/react-dom@18.3.1/umd/react-dom.development.js:29904
[ 7557914ms] [WARNING] You are using the in-browser Babel transformer. Be sure to precompile your scripts for production - https://babeljs.io/docs/setup/ @ https://unpkg.com/@babel/standalone@7.29.0/babel.min.js:2
